---
source: src/tests/routes/crates/versions/list.rs
expression: response.json()
---
{
  "versions": [
    {
      "audit_actions": [],
      "bin_names": null,
      "checksum": "                                                                ",
      "crate": "foo_versions",
      "crate_size": 0,
      "created_at": "[datetime]",
      "dl_path": "https://crates.io/api/v1/crates/foo_versions/1.0.0/download",
      "downloads": 0,
      "features": {},
      "has_lib": null,
      "id": 2,
      "lib_links": null,
      "license": null,
      "links": {
        "authors": "https://crates.io/api/v1/crates/foo_versions/1.0.0/authors",
        "dependencies": "https://crates.io/api/v1/crates/foo_versions/1.0.0/dependencies",
        "version_downloads": "https://crates.io/api/v1/crates/foo_versions/1.0.0/downloads"
      },
      "num": "1.0.0",
      "published_by": null,
      "readme_path": "https://crates.io/api/v1/crates/foo_versions/1.0.0/readme",
      "rust_version": "1.64",
      "updated_at": "[datetime]",
      "yanked": false
    },
    {
      "audit_actions": [],
      "bin_names": null,
      "checksum": "                                                                ",
      "crate": "foo_versions",
      "crate_size": 0,
      "created_at": "[datetime]",
      "dl_path": "https://crates.io/api/v1/crates/foo_versions/0.5.1/download",
      "downloads": 0,
      "features": {},
      "has_lib": null,
      "id": 1,
      "lib_links": null,
      "license": null,
      "links": {
        "authors": "https://crates.io/api/v1/crates/foo_versions/0.5.1/authors",
        "dependencies": "https://crates.io/api/v1/crates/foo_versions/0.5.1/dependencies",
        "version_downloads": "https://crates.io/api/v1/crates/foo_versions/0.5.1/downloads"
      },
      "num": "0.5.1",
      "published_by": {
        "avatar": null,
        "id": 1,
        "login": "foo",
        "name": null,
        "url": "https://github.com/foo"
      },
      "readme_path": "https://crates.io/api/v1/crates/foo_versions/0.5.1/readme",
      "rust_version": null,
      "updated_at": "[datetime]",
      "yanked": false
    },
    {
      "audit_actions": [],
      "bin_names": null,
      "checksum": "                                                                ",
      "crate": "foo_versions",
      "crate_size": 0,
      "created_at": "[datetime]",
      "dl_path": "https://crates.io/api/v1/crates/foo_versions/0.5.0/download",
      "downloads": 0,
      "features": {},
      "has_lib": null,
      "id": 3,
      "lib_links": null,
      "license": null,
      "links": {
        "authors": "https://crates.io/api/v1/crates/foo_versions/0.5.0/authors",
        "dependencies": "https://crates.io/api/v1/crates/foo_versions/0.5.0/dependencies",
        "version_downloads": "https://crates.io/api/v1/crates/foo_versions/0.5.0/downloads"
      },
      "num": "0.5.0",
      "published_by": {
        "avatar": null,
        "id": 1,
        "login": "foo",
        "name": null,
        "url": "https://github.com/foo"
      },
      "readme_path": "https://crates.io/api/v1/crates/foo_versions/0.5.0/readme",
      "rust_version": null,
      "updated_at": "[datetime]",
      "yanked": false
    }
  ]
}
